     1                                  bits 32
     2                                  global start
     3                                  
     4                                  extern exit
     5                                  import exit msvcrt.dll
     6                                  
     7                                  segment data use32 class=data
     8 00000000 0703090105                  s1 db 7, 3, 9, 1, 5
     9 00000005 020406080A                  s2 db 2, 4, 6, 8, 10
    10                                      len equ $
    11                                      
    12                                  ; Se dau 2 siruri de numere intregi s1 si s2 de lungimi egale.
    13                                  ; Se cere sirul de numere intregi d obtinut astfel:
    14                                  ; - d[i] = s1[i] - s2[i], daca s1[i] > s2[i]
    15                                  ; - d[i] = s2[i] - s1[i], altfel.
    16                                  segment code use32 class=code
    17                                      start:
    18 00000000 B8[0A000000]                    mov eax, len
    19                                          
    20                                          ; exit(0)
    21 00000005 6A00                            push dword 0        ; push the parameter for exit onto the stack
    22 00000007 FF15[00000000]                  call [exit]         ; call exit to terminate the program
